[00:01:27] [Server thread/INFO]: soso fell from a high place
[00:02:11] [Server thread/WARN]: Tlfaz_Man moved wrongly!
[00:05:11] [Server thread/WARN]: Can't keep up! Is the server overloaded? Running 2331ms or 46 ticks behind
[00:06:19] [Server thread/WARN]: Tlfaz_Man moved too quickly! 0.22008006602536057,-0.12124646588603127,17.54818114843505
[00:06:21] [Server thread/WARN]: Tlfaz_Man moved wrongly!
[00:06:25] [Server thread/WARN]: Tlfaz_Man moved too quickly! 0.3030664371184173,0.20000004768371582,10.48961048775925
[00:06:48] [Server thread/WARN]: 3mkbody moved wrongly!
[00:06:48] [Server thread/WARN]: 3mkbody moved wrongly!
[00:17:35] [Server thread/INFO]: soso has made the advancement [Enchanter]
[00:23:53] [Server thread/INFO]: Kofta_Man[/[0:0:0:0:0:0:0:1%0]:47578] logged in with entity id 32046 at (231.3805922031316, 1.0, -8.47637694305192)
[00:23:53] [Server thread/INFO]: Kofta_Man joined the game
[00:24:04] [Server thread/INFO]: [Not Secure] <Kofta_Man> soso
[00:24:09] [Server thread/INFO]: [Not Secure] <Tlfaz_Man> eh ely gabk
[00:24:37] [Server thread/INFO]: [Not Secure] <Tlfaz_Man> soso is enchanting
[00:24:39] [Server thread/INFO]: [Not Secure] <soso> ya yahya bymytonii
[00:28:39] [Server thread/INFO]: Kofta_Man lost connection: Timed out
[00:28:39] [Server thread/INFO]: Kofta_Man left the game
[00:29:59] [Server thread/INFO]: soso fell out of the world
[00:31:02] [Server thread/INFO]: 3mkbody lost connection: Timed out
[00:31:02] [Server thread/INFO]: 3mkbody left the game
[00:31:57] [Server thread/INFO]: com.mojang.authlib.GameProfile@55b5dda6[id=525957fd-abd9-3289-9c7a-18321c92d423,name=Kofta_Man,properties={}] lost connection: Disconnected
[00:32:33] [Server thread/INFO]: Kofta_Man[/[0:0:0:0:0:0:0:1%0]:41996] logged in with entity id 38471 at (231.49617972759114, 1.0, -8.699999988079071)
[00:32:33] [Server thread/INFO]: Kofta_Man joined the game
[00:32:53] [Server thread/INFO]: [Not Secure] <Kofta_Man> TT
[00:33:03] [Server thread/INFO]: Kofta_Man lost connection: Timed out
[00:33:03] [Server thread/INFO]: Kofta_Man left the game
[00:33:22] [Server thread/INFO]: 3mkbody[/[0:0:0:0:0:0:0:1%0]:59800] logged in with entity id 38938 at (309.43155799103477, 77.0, 850.5155159634335)
[00:33:22] [Server thread/INFO]: 3mkbody joined the game
[00:36:06] [Server thread/WARN]: Mismatch in destroy block pos: class_2338{x=295, y=16, z=879} class_2338{x=296, y=15, z=879}
[00:36:13] [Server thread/INFO]: soso hit the ground too hard
[00:36:18] [Server thread/WARN]: Mismatch in destroy block pos: class_2338{x=296, y=17, z=878} class_2338{x=297, y=16, z=878}
[00:37:08] [Server thread/INFO]: Kofta_Man[/[0:0:0:0:0:0:0:1%0]:51294] logged in with entity id 42067 at (231.49617972759114, 1.0, -8.699999988079071)
[00:37:08] [Server thread/INFO]: Kofta_Man joined the game
[00:38:21] [Server thread/WARN]: Mismatch in destroy block pos: class_2338{x=260, y=72, z=772} class_2338{x=260, y=70, z=772}
[00:38:21] [Server thread/WARN]: Mismatch in destroy block pos: class_2338{x=260, y=72, z=772} class_2338{x=260, y=70, z=772}
[00:40:20] [Server thread/INFO]: soso was shot by Skeleton
[00:46:09] [Server thread/INFO]: soso was slain by Spider
[00:46:18] [Server thread/INFO]: soso lost connection: Disconnected
[00:46:18] [Server thread/INFO]: soso left the game
[00:47:39] [Server thread/INFO]: Kofta_Man lost connection: Timed out
[00:47:39] [Server thread/INFO]: Kofta_Man left the game
[00:48:19] [Server thread/WARN]: Mismatch in destroy block pos: class_2338{x=299, y=20, z=855} class_2338{x=297, y=21, z=854}
[00:48:20] [Server thread/WARN]: Mismatch in destroy block pos: class_2338{x=299, y=20, z=856} class_2338{x=297, y=21, z=854}
[00:48:20] [Server thread/WARN]: Mismatch in destroy block pos: class_2338{x=299, y=20, z=857} class_2338{x=297, y=21, z=854}
[00:48:20] [Server thread/WARN]: Mismatch in destroy block pos: class_2338{x=299, y=20, z=855} class_2338{x=297, y=21, z=854}
[00:48:27] [Server thread/INFO]: Kofta_Man[/[0:0:0:0:0:0:0:1%0]:41168] logged in with entity id 51201 at (309.5777657483894, 71.0, 810.7708097715692)
[00:48:27] [Server thread/INFO]: Kofta_Man joined the game
[01:03:04] [Server thread/WARN]: Mismatch in destroy block pos: class_2338{x=359, y=17, z=852} class_2338{x=359, y=17, z=856}
[01:12:40] [Server thread/WARN]: Mismatch in destroy block pos: class_2338{x=295, y=16, z=881} class_2338{x=294, y=15, z=881}
[01:15:10] [Server thread/WARN]: Kofta_Man moved wrongly!
[01:18:51] [Server thread/WARN]: Tlfaz_Man moved wrongly!
[01:19:21] [Server thread/WARN]: 3mkbody moved too quickly! 14.093051017990945,-1.4133933277013284,-13.95312073599166
[01:22:41] [Server thread/INFO]: 3mkbody lost connection: Disconnected
[01:22:41] [Server thread/INFO]: 3mkbody left the game
[01:47:44] [Server thread/INFO]: [Kofta_Man: Kicked Kofta_Man: Kicked by an operator]
[01:47:44] [Server thread/INFO]: Kofta_Man lost connection: Kicked by an operator
[01:47:44] [Server thread/INFO]: Kofta_Man left the game
[01:50:22] [Server thread/INFO]: [Tlfaz_Man: Stopping the server]
[01:50:22] [Server thread/INFO]: Stopping server
[01:50:22] [Server thread/INFO]: Saving players
[01:50:22] [Server thread/INFO]: Saving worlds
[01:50:23] [Server thread/INFO]: Saving chunks for level 'ServerLevel[world]'/minecraft:overworld
[01:50:23] [Server thread/INFO]: Saving chunks for level 'ServerLevel[world]'/minecraft:the_end
[01:50:23] [Server thread/INFO]: Saving chunks for level 'ServerLevel[world]'/minecraft:the_nether
[01:50:23] [Server thread/INFO]: ThreadedAnvilChunkStorage (world): All chunks are saved
[01:50:23] [Server thread/INFO]: ThreadedAnvilChunkStorage (DIM1): All chunks are saved
[01:50:23] [Server thread/INFO]: ThreadedAnvilChunkStorage (DIM-1): All chunks are saved
[01:50:23] [Server thread/INFO]: ThreadedAnvilChunkStorage: All dimensions are saved
